Download Vocos from huggingface charactr/vocos-mel-24khz

vocab :  /home/arnur/fp4-speech/.venv/lib/python3.12/site-packages/f5_tts/infer/examples/vocab.txt
token :  custom
model :  /home/arnur/.cache/huggingface/hub/models--SWivid--F5-TTS/snapshots/84e5a410d9cead4de2f847e7c9369a6440bdfaca/F5TTS_v1_Base/model_1250000.safetensors 

  skip transformer.transformer_blocks.0.attn_norm.linear: copy_() does not support casting Float4_e2m1fn_x2 to different types. Source dtype is Float8_e4m3fntarget dtype is Float4_e2m1fn_x2
  skip transformer.transformer_blocks.0.attn.to_q: copy_() does not support casting Float4_e2m1fn_x2 to different types. Source dtype is Float8_e4m3fntarget dtype is Float4_e2m1fn_x2
  skip transformer.transformer_blocks.0.attn.to_k: copy_() does not support casting Float4_e2m1fn_x2 to different types. Source dtype is Float8_e4m3fntarget dtype is Float4_e2m1fn_x2
  skip transformer.transformer_blocks.0.attn.to_v: copy_() does not support casting Float4_e2m1fn_x2 to different types. Source dtype is Float8_e4m3fntarget dtype is Float4_e2m1fn_x2
  skip transformer.transformer_blocks.0.attn.to_out.0: copy_() does not support casting Float4_e2m1fn_x2 to different types. Source dtype is Float8_e4m3fntarget dtype is Float4_e2m1fn_x2
  skip transformer.transformer_blocks.0.ff.ff.2: copy_() does not support casting Float4_e2m1fn_x2 to different types. Source dtype is Float8_e4m3fntarget dtype is Float4_e2m1fn_x2
  skip transformer.transformer_blocks.0.ff.ff.0.0: copy_() does not support casting Float4_e2m1fn_x2 to different types. Source dtype is Float8_e4m3fntarget dtype is Float4_e2m1fn_x2
  skip transformer.transformer_blocks.1.attn_norm.linear: copy_() does not support casting Float4_e2m1fn_x2 to different types. Source dtype is Float8_e4m3fntarget dtype is Float4_e2m1fn_x2
  skip transformer.transformer_blocks.1.attn.to_q: copy_() does not support casting Float4_e2m1fn_x2 to different types. Source dtype is Float8_e4m3fntarget dtype is Float4_e2m1fn_x2
  skip transformer.transformer_blocks.1.attn.to_k: copy_() does not support casting Float4_e2m1fn_x2 to different types. Source dtype is Float8_e4m3fntarget dtype is Float4_e2m1fn_x2
  skip transformer.transformer_blocks.1.attn.to_v: copy_() does not support casting Float4_e2m1fn_x2 to different types. Source dtype is Float8_e4m3fntarget dtype is Float4_e2m1fn_x2
  skip transformer.transformer_blocks.1.attn.to_out.0: copy_() does not support casting Float4_e2m1fn_x2 to different types. Source dtype is Float8_e4m3fntarget dtype is Float4_e2m1fn_x2
  skip transformer.transformer_blocks.1.ff.ff.2: copy_() does not support casting Float4_e2m1fn_x2 to different types. Source dtype is Float8_e4m3fntarget dtype is Float4_e2m1fn_x2
  skip transformer.transformer_blocks.1.ff.ff.0.0: copy_() does not support casting Float4_e2m1fn_x2 to different types. Source dtype is Float8_e4m3fntarget dtype is Float4_e2m1fn_x2
  skip transformer.transformer_blocks.2.attn_norm.linear: copy_() does not support casting Float4_e2m1fn_x2 to different types. Source dtype is Float8_e4m3fntarget dtype is Float4_e2m1fn_x2
  skip transformer.transformer_blocks.2.attn.to_q: copy_() does not support casting Float4_e2m1fn_x2 to different types. Source dtype is Float8_e4m3fntarget dtype is Float4_e2m1fn_x2
  skip transformer.transformer_blocks.2.attn.to_k: copy_() does not support casting Float4_e2m1fn_x2 to different types. Source dtype is Float8_e4m3fntarget dtype is Float4_e2m1fn_x2
  skip transformer.transformer_blocks.2.attn.to_v: copy_() does not support casting Float4_e2m1fn_x2 to different types. Source dtype is Float8_e4m3fntarget dtype is Float4_e2m1fn_x2
  skip transformer.transformer_blocks.2.attn.to_out.0: copy_() does not support casting Float4_e2m1fn_x2 to different types. Source dtype is Float8_e4m3fntarget dtype is Float4_e2m1fn_x2
  skip transformer.transformer_blocks.2.ff.ff.2: copy_() does not support casting Float4_e2m1fn_x2 to different types. Source dtype is Float8_e4m3fntarget dtype is Float4_e2m1fn_x2
  skip transformer.transformer_blocks.2.ff.ff.0.0: copy_() does not support casting Float4_e2m1fn_x2 to different types. Source dtype is Float8_e4m3fntarget dtype is Float4_e2m1fn_x2
  skip transformer.transformer_blocks.3.attn_norm.linear: copy_() does not support casting Float4_e2m1fn_x2 to different types. Source dtype is Float8_e4m3fntarget dtype is Float4_e2m1fn_x2
  skip transformer.transformer_blocks.3.attn.to_q: copy_() does not support casting Float4_e2m1fn_x2 to different types. Source dtype is Float8_e4m3fntarget dtype is Float4_e2m1fn_x2
  skip transformer.transformer_blocks.3.attn.to_k: copy_() does not support casting Float4_e2m1fn_x2 to different types. Source dtype is Float8_e4m3fntarget dtype is Float4_e2m1fn_x2
  skip transformer.transformer_blocks.3.attn.to_v: copy_() does not support casting Float4_e2m1fn_x2 to different types. Source dtype is Float8_e4m3fntarget dtype is Float4_e2m1fn_x2
  skip transformer.transformer_blocks.3.attn.to_out.0: copy_() does not support casting Float4_e2m1fn_x2 to different types. Source dtype is Float8_e4m3fntarget dtype is Float4_e2m1fn_x2
  skip transformer.transformer_blocks.3.ff.ff.2: copy_() does not support casting Float4_e2m1fn_x2 to different types. Source dtype is Float8_e4m3fntarget dtype is Float4_e2m1fn_x2
  skip transformer.transformer_blocks.3.ff.ff.0.0: copy_() does not support casting Float4_e2m1fn_x2 to different types. Source dtype is Float8_e4m3fntarget dtype is Float4_e2m1fn_x2
  skip transformer.transformer_blocks.4.attn_norm.linear: copy_() does not support casting Float4_e2m1fn_x2 to different types. Source dtype is Float8_e4m3fntarget dtype is Float4_e2m1fn_x2
  skip transformer.transformer_blocks.4.attn.to_q: copy_() does not support casting Float4_e2m1fn_x2 to different types. Source dtype is Float8_e4m3fntarget dtype is Float4_e2m1fn_x2
  skip transformer.transformer_blocks.4.attn.to_k: copy_() does not support casting Float4_e2m1fn_x2 to different types. Source dtype is Float8_e4m3fntarget dtype is Float4_e2m1fn_x2
  skip transformer.transformer_blocks.4.attn.to_v: copy_() does not support casting Float4_e2m1fn_x2 to different types. Source dtype is Float8_e4m3fntarget dtype is Float4_e2m1fn_x2
  skip transformer.transformer_blocks.4.attn.to_out.0: copy_() does not support casting Float4_e2m1fn_x2 to different types. Source dtype is Float8_e4m3fntarget dtype is Float4_e2m1fn_x2
  skip transformer.transformer_blocks.4.ff.ff.2: copy_() does not support casting Float4_e2m1fn_x2 to different types. Source dtype is Float8_e4m3fntarget dtype is Float4_e2m1fn_x2
  skip transformer.transformer_blocks.4.ff.ff.0.0: copy_() does not support casting Float4_e2m1fn_x2 to different types. Source dtype is Float8_e4m3fntarget dtype is Float4_e2m1fn_x2
  skip transformer.transformer_blocks.5.attn_norm.linear: copy_() does not support casting Float4_e2m1fn_x2 to different types. Source dtype is Float8_e4m3fntarget dtype is Float4_e2m1fn_x2
  skip transformer.transformer_blocks.5.attn.to_q: copy_() does not support casting Float4_e2m1fn_x2 to different types. Source dtype is Float8_e4m3fntarget dtype is Float4_e2m1fn_x2
  skip transformer.transformer_blocks.5.attn.to_k: copy_() does not support casting Float4_e2m1fn_x2 to different types. Source dtype is Float8_e4m3fntarget dtype is Float4_e2m1fn_x2
  skip transformer.transformer_blocks.5.attn.to_v: copy_() does not support casting Float4_e2m1fn_x2 to different types. Source dtype is Float8_e4m3fntarget dtype is Float4_e2m1fn_x2
  skip transformer.transformer_blocks.5.attn.to_out.0: copy_() does not support casting Float4_e2m1fn_x2 to different types. Source dtype is Float8_e4m3fntarget dtype is Float4_e2m1fn_x2
  skip transformer.transformer_blocks.5.ff.ff.2: copy_() does not support casting Float4_e2m1fn_x2 to different types. Source dtype is Float8_e4m3fntarget dtype is Float4_e2m1fn_x2
  skip transformer.transformer_blocks.5.ff.ff.0.0: copy_() does not support casting Float4_e2m1fn_x2 to different types. Source dtype is Float8_e4m3fntarget dtype is Float4_e2m1fn_x2
  skip transformer.transformer_blocks.6.attn_norm.linear: copy_() does not support casting Float4_e2m1fn_x2 to different types. Source dtype is Float8_e4m3fntarget dtype is Float4_e2m1fn_x2
  skip transformer.transformer_blocks.6.attn.to_q: copy_() does not support casting Float4_e2m1fn_x2 to different types. Source dtype is Float8_e4m3fntarget dtype is Float4_e2m1fn_x2
  skip transformer.transformer_blocks.6.attn.to_k: copy_() does not support casting Float4_e2m1fn_x2 to different types. Source dtype is Float8_e4m3fntarget dtype is Float4_e2m1fn_x2
  skip transformer.transformer_blocks.6.attn.to_v: copy_() does not support casting Float4_e2m1fn_x2 to different types. Source dtype is Float8_e4m3fntarget dtype is Float4_e2m1fn_x2
  skip transformer.transformer_blocks.6.attn.to_out.0: copy_() does not support casting Float4_e2m1fn_x2 to different types. Source dtype is Float8_e4m3fntarget dtype is Float4_e2m1fn_x2
  skip transformer.transformer_blocks.6.ff.ff.2: copy_() does not support casting Float4_e2m1fn_x2 to different types. Source dtype is Float8_e4m3fntarget dtype is Float4_e2m1fn_x2
  skip transformer.transformer_blocks.6.ff.ff.0.0: copy_() does not support casting Float4_e2m1fn_x2 to different types. Source dtype is Float8_e4m3fntarget dtype is Float4_e2m1fn_x2
  skip transformer.transformer_blocks.7.attn_norm.linear: copy_() does not support casting Float4_e2m1fn_x2 to different types. Source dtype is Float8_e4m3fntarget dtype is Float4_e2m1fn_x2
  skip transformer.transformer_blocks.7.attn.to_q: copy_() does not support casting Float4_e2m1fn_x2 to different types. Source dtype is Float8_e4m3fntarget dtype is Float4_e2m1fn_x2
  skip transformer.transformer_blocks.7.attn.to_k: copy_() does not support casting Float4_e2m1fn_x2 to different types. Source dtype is Float8_e4m3fntarget dtype is Float4_e2m1fn_x2
  skip transformer.transformer_blocks.7.attn.to_v: copy_() does not support casting Float4_e2m1fn_x2 to different types. Source dtype is Float8_e4m3fntarget dtype is Float4_e2m1fn_x2
  skip transformer.transformer_blocks.7.attn.to_out.0: copy_() does not support casting Float4_e2m1fn_x2 to different types. Source dtype is Float8_e4m3fntarget dtype is Float4_e2m1fn_x2
  skip transformer.transformer_blocks.7.ff.ff.2: copy_() does not support casting Float4_e2m1fn_x2 to different types. Source dtype is Float8_e4m3fntarget dtype is Float4_e2m1fn_x2
  skip transformer.transformer_blocks.7.ff.ff.0.0: copy_() does not support casting Float4_e2m1fn_x2 to different types. Source dtype is Float8_e4m3fntarget dtype is Float4_e2m1fn_x2
  skip transformer.transformer_blocks.8.attn_norm.linear: copy_() does not support casting Float4_e2m1fn_x2 to different types. Source dtype is Float8_e4m3fntarget dtype is Float4_e2m1fn_x2
  skip transformer.transformer_blocks.8.attn.to_q: copy_() does not support casting Float4_e2m1fn_x2 to different types. Source dtype is Float8_e4m3fntarget dtype is Float4_e2m1fn_x2
  skip transformer.transformer_blocks.8.attn.to_k: copy_() does not support casting Float4_e2m1fn_x2 to different types. Source dtype is Float8_e4m3fntarget dtype is Float4_e2m1fn_x2
  skip transformer.transformer_blocks.8.attn.to_v: copy_() does not support casting Float4_e2m1fn_x2 to different types. Source dtype is Float8_e4m3fntarget dtype is Float4_e2m1fn_x2
  skip transformer.transformer_blocks.8.attn.to_out.0: copy_() does not support casting Float4_e2m1fn_x2 to different types. Source dtype is Float8_e4m3fntarget dtype is Float4_e2m1fn_x2
  skip transformer.transformer_blocks.8.ff.ff.2: copy_() does not support casting Float4_e2m1fn_x2 to different types. Source dtype is Float8_e4m3fntarget dtype is Float4_e2m1fn_x2
  skip transformer.transformer_blocks.8.ff.ff.0.0: copy_() does not support casting Float4_e2m1fn_x2 to different types. Source dtype is Float8_e4m3fntarget dtype is Float4_e2m1fn_x2
  skip transformer.transformer_blocks.9.attn_norm.linear: copy_() does not support casting Float4_e2m1fn_x2 to different types. Source dtype is Float8_e4m3fntarget dtype is Float4_e2m1fn_x2
  skip transformer.transformer_blocks.9.attn.to_q: copy_() does not support casting Float4_e2m1fn_x2 to different types. Source dtype is Float8_e4m3fntarget dtype is Float4_e2m1fn_x2
  skip transformer.transformer_blocks.9.attn.to_k: copy_() does not support casting Float4_e2m1fn_x2 to different types. Source dtype is Float8_e4m3fntarget dtype is Float4_e2m1fn_x2
  skip transformer.transformer_blocks.9.attn.to_v: copy_() does not support casting Float4_e2m1fn_x2 to different types. Source dtype is Float8_e4m3fntarget dtype is Float4_e2m1fn_x2
  skip transformer.transformer_blocks.9.attn.to_out.0: copy_() does not support casting Float4_e2m1fn_x2 to different types. Source dtype is Float8_e4m3fntarget dtype is Float4_e2m1fn_x2
  skip transformer.transformer_blocks.9.ff.ff.2: copy_() does not support casting Float4_e2m1fn_x2 to different types. Source dtype is Float8_e4m3fntarget dtype is Float4_e2m1fn_x2
  skip transformer.transformer_blocks.9.ff.ff.0.0: copy_() does not support casting Float4_e2m1fn_x2 to different types. Source dtype is Float8_e4m3fntarget dtype is Float4_e2m1fn_x2
  skip transformer.transformer_blocks.10.attn_norm.linear: copy_() does not support casting Float4_e2m1fn_x2 to different types. Source dtype is Float8_e4m3fntarget dtype is Float4_e2m1fn_x2
  skip transformer.transformer_blocks.10.attn.to_q: copy_() does not support casting Float4_e2m1fn_x2 to different types. Source dtype is Float8_e4m3fntarget dtype is Float4_e2m1fn_x2
  skip transformer.transformer_blocks.10.attn.to_k: copy_() does not support casting Float4_e2m1fn_x2 to different types. Source dtype is Float8_e4m3fntarget dtype is Float4_e2m1fn_x2
  skip transformer.transformer_blocks.10.attn.to_v: copy_() does not support casting Float4_e2m1fn_x2 to different types. Source dtype is Float8_e4m3fntarget dtype is Float4_e2m1fn_x2
  skip transformer.transformer_blocks.10.attn.to_out.0: copy_() does not support casting Float4_e2m1fn_x2 to different types. Source dtype is Float8_e4m3fntarget dtype is Float4_e2m1fn_x2
  skip transformer.transformer_blocks.10.ff.ff.2: copy_() does not support casting Float4_e2m1fn_x2 to different types. Source dtype is Float8_e4m3fntarget dtype is Float4_e2m1fn_x2
  skip transformer.transformer_blocks.10.ff.ff.0.0: copy_() does not support casting Float4_e2m1fn_x2 to different types. Source dtype is Float8_e4m3fntarget dtype is Float4_e2m1fn_x2
  skip transformer.transformer_blocks.11.attn_norm.linear: copy_() does not support casting Float4_e2m1fn_x2 to different types. Source dtype is Float8_e4m3fntarget dtype is Float4_e2m1fn_x2
  skip transformer.transformer_blocks.11.attn.to_q: copy_() does not support casting Float4_e2m1fn_x2 to different types. Source dtype is Float8_e4m3fntarget dtype is Float4_e2m1fn_x2
  skip transformer.transformer_blocks.11.attn.to_k: copy_() does not support casting Float4_e2m1fn_x2 to different types. Source dtype is Float8_e4m3fntarget dtype is Float4_e2m1fn_x2
  skip transformer.transformer_blocks.11.attn.to_v: copy_() does not support casting Float4_e2m1fn_x2 to different types. Source dtype is Float8_e4m3fntarget dtype is Float4_e2m1fn_x2
  skip transformer.transformer_blocks.11.attn.to_out.0: copy_() does not support casting Float4_e2m1fn_x2 to different types. Source dtype is Float8_e4m3fntarget dtype is Float4_e2m1fn_x2
  skip transformer.transformer_blocks.11.ff.ff.2: copy_() does not support casting Float4_e2m1fn_x2 to different types. Source dtype is Float8_e4m3fntarget dtype is Float4_e2m1fn_x2
  skip transformer.transformer_blocks.11.ff.ff.0.0: copy_() does not support casting Float4_e2m1fn_x2 to different types. Source dtype is Float8_e4m3fntarget dtype is Float4_e2m1fn_x2
  skip transformer.transformer_blocks.12.attn_norm.linear: copy_() does not support casting Float4_e2m1fn_x2 to different types. Source dtype is Float8_e4m3fntarget dtype is Float4_e2m1fn_x2
  skip transformer.transformer_blocks.12.attn.to_q: copy_() does not support casting Float4_e2m1fn_x2 to different types. Source dtype is Float8_e4m3fntarget dtype is Float4_e2m1fn_x2
  skip transformer.transformer_blocks.12.attn.to_k: copy_() does not support casting Float4_e2m1fn_x2 to different types. Source dtype is Float8_e4m3fntarget dtype is Float4_e2m1fn_x2
  skip transformer.transformer_blocks.12.attn.to_v: copy_() does not support casting Float4_e2m1fn_x2 to different types. Source dtype is Float8_e4m3fntarget dtype is Float4_e2m1fn_x2
  skip transformer.transformer_blocks.12.attn.to_out.0: copy_() does not support casting Float4_e2m1fn_x2 to different types. Source dtype is Float8_e4m3fntarget dtype is Float4_e2m1fn_x2
  skip transformer.transformer_blocks.12.ff.ff.2: copy_() does not support casting Float4_e2m1fn_x2 to different types. Source dtype is Float8_e4m3fntarget dtype is Float4_e2m1fn_x2
  skip transformer.transformer_blocks.12.ff.ff.0.0: copy_() does not support casting Float4_e2m1fn_x2 to different types. Source dtype is Float8_e4m3fntarget dtype is Float4_e2m1fn_x2
  skip transformer.transformer_blocks.13.attn_norm.linear: copy_() does not support casting Float4_e2m1fn_x2 to different types. Source dtype is Float8_e4m3fntarget dtype is Float4_e2m1fn_x2
  skip transformer.transformer_blocks.13.attn.to_q: copy_() does not support casting Float4_e2m1fn_x2 to different types. Source dtype is Float8_e4m3fntarget dtype is Float4_e2m1fn_x2
  skip transformer.transformer_blocks.13.attn.to_k: copy_() does not support casting Float4_e2m1fn_x2 to different types. Source dtype is Float8_e4m3fntarget dtype is Float4_e2m1fn_x2
  skip transformer.transformer_blocks.13.attn.to_v: copy_() does not support casting Float4_e2m1fn_x2 to different types. Source dtype is Float8_e4m3fntarget dtype is Float4_e2m1fn_x2
  skip transformer.transformer_blocks.13.attn.to_out.0: copy_() does not support casting Float4_e2m1fn_x2 to different types. Source dtype is Float8_e4m3fntarget dtype is Float4_e2m1fn_x2
  skip transformer.transformer_blocks.13.ff.ff.2: copy_() does not support casting Float4_e2m1fn_x2 to different types. Source dtype is Float8_e4m3fntarget dtype is Float4_e2m1fn_x2
  skip transformer.transformer_blocks.13.ff.ff.0.0: copy_() does not support casting Float4_e2m1fn_x2 to different types. Source dtype is Float8_e4m3fntarget dtype is Float4_e2m1fn_x2
  skip transformer.transformer_blocks.14.attn_norm.linear: copy_() does not support casting Float4_e2m1fn_x2 to different types. Source dtype is Float8_e4m3fntarget dtype is Float4_e2m1fn_x2
  skip transformer.transformer_blocks.14.attn.to_q: copy_() does not support casting Float4_e2m1fn_x2 to different types. Source dtype is Float8_e4m3fntarget dtype is Float4_e2m1fn_x2
  skip transformer.transformer_blocks.14.attn.to_k: copy_() does not support casting Float4_e2m1fn_x2 to different types. Source dtype is Float8_e4m3fntarget dtype is Float4_e2m1fn_x2
  skip transformer.transformer_blocks.14.attn.to_v: copy_() does not support casting Float4_e2m1fn_x2 to different types. Source dtype is Float8_e4m3fntarget dtype is Float4_e2m1fn_x2
  skip transformer.transformer_blocks.14.attn.to_out.0: copy_() does not support casting Float4_e2m1fn_x2 to different types. Source dtype is Float8_e4m3fntarget dtype is Float4_e2m1fn_x2
  skip transformer.transformer_blocks.14.ff.ff.2: copy_() does not support casting Float4_e2m1fn_x2 to different types. Source dtype is Float8_e4m3fntarget dtype is Float4_e2m1fn_x2
  skip transformer.transformer_blocks.14.ff.ff.0.0: copy_() does not support casting Float4_e2m1fn_x2 to different types. Source dtype is Float8_e4m3fntarget dtype is Float4_e2m1fn_x2
  skip transformer.transformer_blocks.15.attn_norm.linear: copy_() does not support casting Float4_e2m1fn_x2 to different types. Source dtype is Float8_e4m3fntarget dtype is Float4_e2m1fn_x2
  skip transformer.transformer_blocks.15.attn.to_q: copy_() does not support casting Float4_e2m1fn_x2 to different types. Source dtype is Float8_e4m3fntarget dtype is Float4_e2m1fn_x2
  skip transformer.transformer_blocks.15.attn.to_k: copy_() does not support casting Float4_e2m1fn_x2 to different types. Source dtype is Float8_e4m3fntarget dtype is Float4_e2m1fn_x2
  skip transformer.transformer_blocks.15.attn.to_v: copy_() does not support casting Float4_e2m1fn_x2 to different types. Source dtype is Float8_e4m3fntarget dtype is Float4_e2m1fn_x2
  skip transformer.transformer_blocks.15.attn.to_out.0: copy_() does not support casting Float4_e2m1fn_x2 to different types. Source dtype is Float8_e4m3fntarget dtype is Float4_e2m1fn_x2
  skip transformer.transformer_blocks.15.ff.ff.2: copy_() does not support casting Float4_e2m1fn_x2 to different types. Source dtype is Float8_e4m3fntarget dtype is Float4_e2m1fn_x2
  skip transformer.transformer_blocks.15.ff.ff.0.0: copy_() does not support casting Float4_e2m1fn_x2 to different types. Source dtype is Float8_e4m3fntarget dtype is Float4_e2m1fn_x2
  skip transformer.transformer_blocks.16.attn_norm.linear: copy_() does not support casting Float4_e2m1fn_x2 to different types. Source dtype is Float8_e4m3fntarget dtype is Float4_e2m1fn_x2
  skip transformer.transformer_blocks.16.attn.to_q: copy_() does not support casting Float4_e2m1fn_x2 to different types. Source dtype is Float8_e4m3fntarget dtype is Float4_e2m1fn_x2
  skip transformer.transformer_blocks.16.attn.to_k: copy_() does not support casting Float4_e2m1fn_x2 to different types. Source dtype is Float8_e4m3fntarget dtype is Float4_e2m1fn_x2
  skip transformer.transformer_blocks.16.attn.to_v: copy_() does not support casting Float4_e2m1fn_x2 to different types. Source dtype is Float8_e4m3fntarget dtype is Float4_e2m1fn_x2
  skip transformer.transformer_blocks.16.attn.to_out.0: copy_() does not support casting Float4_e2m1fn_x2 to different types. Source dtype is Float8_e4m3fntarget dtype is Float4_e2m1fn_x2
  skip transformer.transformer_blocks.16.ff.ff.2: copy_() does not support casting Float4_e2m1fn_x2 to different types. Source dtype is Float8_e4m3fntarget dtype is Float4_e2m1fn_x2
  skip transformer.transformer_blocks.16.ff.ff.0.0: copy_() does not support casting Float4_e2m1fn_x2 to different types. Source dtype is Float8_e4m3fntarget dtype is Float4_e2m1fn_x2
  skip transformer.transformer_blocks.17.attn_norm.linear: copy_() does not support casting Float4_e2m1fn_x2 to different types. Source dtype is Float8_e4m3fntarget dtype is Float4_e2m1fn_x2
  skip transformer.transformer_blocks.17.attn.to_q: copy_() does not support casting Float4_e2m1fn_x2 to different types. Source dtype is Float8_e4m3fntarget dtype is Float4_e2m1fn_x2
  skip transformer.transformer_blocks.17.attn.to_k: copy_() does not support casting Float4_e2m1fn_x2 to different types. Source dtype is Float8_e4m3fntarget dtype is Float4_e2m1fn_x2
  skip transformer.transformer_blocks.17.attn.to_v: copy_() does not support casting Float4_e2m1fn_x2 to different types. Source dtype is Float8_e4m3fntarget dtype is Float4_e2m1fn_x2
  skip transformer.transformer_blocks.17.attn.to_out.0: copy_() does not support casting Float4_e2m1fn_x2 to different types. Source dtype is Float8_e4m3fntarget dtype is Float4_e2m1fn_x2
  skip transformer.transformer_blocks.17.ff.ff.2: copy_() does not support casting Float4_e2m1fn_x2 to different types. Source dtype is Float8_e4m3fntarget dtype is Float4_e2m1fn_x2
  skip transformer.transformer_blocks.17.ff.ff.0.0: copy_() does not support casting Float4_e2m1fn_x2 to different types. Source dtype is Float8_e4m3fntarget dtype is Float4_e2m1fn_x2
  skip transformer.transformer_blocks.18.attn_norm.linear: copy_() does not support casting Float4_e2m1fn_x2 to different types. Source dtype is Float8_e4m3fntarget dtype is Float4_e2m1fn_x2
  skip transformer.transformer_blocks.18.attn.to_q: copy_() does not support casting Float4_e2m1fn_x2 to different types. Source dtype is Float8_e4m3fntarget dtype is Float4_e2m1fn_x2
  skip transformer.transformer_blocks.18.attn.to_k: copy_() does not support casting Float4_e2m1fn_x2 to different types. Source dtype is Float8_e4m3fntarget dtype is Float4_e2m1fn_x2
  skip transformer.transformer_blocks.18.attn.to_v: copy_() does not support casting Float4_e2m1fn_x2 to different types. Source dtype is Float8_e4m3fntarget dtype is Float4_e2m1fn_x2
  skip transformer.transformer_blocks.18.attn.to_out.0: copy_() does not support casting Float4_e2m1fn_x2 to different types. Source dtype is Float8_e4m3fntarget dtype is Float4_e2m1fn_x2
  skip transformer.transformer_blocks.18.ff.ff.2: copy_() does not support casting Float4_e2m1fn_x2 to different types. Source dtype is Float8_e4m3fntarget dtype is Float4_e2m1fn_x2
  skip transformer.transformer_blocks.18.ff.ff.0.0: copy_() does not support casting Float4_e2m1fn_x2 to different types. Source dtype is Float8_e4m3fntarget dtype is Float4_e2m1fn_x2
  skip transformer.transformer_blocks.19.attn_norm.linear: copy_() does not support casting Float4_e2m1fn_x2 to different types. Source dtype is Float8_e4m3fntarget dtype is Float4_e2m1fn_x2
  skip transformer.transformer_blocks.19.attn.to_q: copy_() does not support casting Float4_e2m1fn_x2 to different types. Source dtype is Float8_e4m3fntarget dtype is Float4_e2m1fn_x2
  skip transformer.transformer_blocks.19.attn.to_k: copy_() does not support casting Float4_e2m1fn_x2 to different types. Source dtype is Float8_e4m3fntarget dtype is Float4_e2m1fn_x2
  skip transformer.transformer_blocks.19.attn.to_v: copy_() does not support casting Float4_e2m1fn_x2 to different types. Source dtype is Float8_e4m3fntarget dtype is Float4_e2m1fn_x2
  skip transformer.transformer_blocks.19.attn.to_out.0: copy_() does not support casting Float4_e2m1fn_x2 to different types. Source dtype is Float8_e4m3fntarget dtype is Float4_e2m1fn_x2
  skip transformer.transformer_blocks.19.ff.ff.2: copy_() does not support casting Float4_e2m1fn_x2 to different types. Source dtype is Float8_e4m3fntarget dtype is Float4_e2m1fn_x2
  skip transformer.transformer_blocks.19.ff.ff.0.0: copy_() does not support casting Float4_e2m1fn_x2 to different types. Source dtype is Float8_e4m3fntarget dtype is Float4_e2m1fn_x2
  skip transformer.transformer_blocks.20.attn_norm.linear: copy_() does not support casting Float4_e2m1fn_x2 to different types. Source dtype is Float8_e4m3fntarget dtype is Float4_e2m1fn_x2
  skip transformer.transformer_blocks.20.attn.to_q: copy_() does not support casting Float4_e2m1fn_x2 to different types. Source dtype is Float8_e4m3fntarget dtype is Float4_e2m1fn_x2
  skip transformer.transformer_blocks.20.attn.to_k: copy_() does not support casting Float4_e2m1fn_x2 to different types. Source dtype is Float8_e4m3fntarget dtype is Float4_e2m1fn_x2
  skip transformer.transformer_blocks.20.attn.to_v: copy_() does not support casting Float4_e2m1fn_x2 to different types. Source dtype is Float8_e4m3fntarget dtype is Float4_e2m1fn_x2
  skip transformer.transformer_blocks.20.attn.to_out.0: copy_() does not support casting Float4_e2m1fn_x2 to different types. Source dtype is Float8_e4m3fntarget dtype is Float4_e2m1fn_x2
  skip transformer.transformer_blocks.20.ff.ff.2: copy_() does not support casting Float4_e2m1fn_x2 to different types. Source dtype is Float8_e4m3fntarget dtype is Float4_e2m1fn_x2
  skip transformer.transformer_blocks.20.ff.ff.0.0: copy_() does not support casting Float4_e2m1fn_x2 to different types. Source dtype is Float8_e4m3fntarget dtype is Float4_e2m1fn_x2
  skip transformer.transformer_blocks.21.attn_norm.linear: copy_() does not support casting Float4_e2m1fn_x2 to different types. Source dtype is Float8_e4m3fntarget dtype is Float4_e2m1fn_x2
  skip transformer.transformer_blocks.21.attn.to_q: copy_() does not support casting Float4_e2m1fn_x2 to different types. Source dtype is Float8_e4m3fntarget dtype is Float4_e2m1fn_x2
  skip transformer.transformer_blocks.21.attn.to_k: copy_() does not support casting Float4_e2m1fn_x2 to different types. Source dtype is Float8_e4m3fntarget dtype is Float4_e2m1fn_x2
  skip transformer.transformer_blocks.21.attn.to_v: copy_() does not support casting Float4_e2m1fn_x2 to different types. Source dtype is Float8_e4m3fntarget dtype is Float4_e2m1fn_x2
  skip transformer.transformer_blocks.21.attn.to_out.0: copy_() does not support casting Float4_e2m1fn_x2 to different types. Source dtype is Float8_e4m3fntarget dtype is Float4_e2m1fn_x2
  skip transformer.transformer_blocks.21.ff.ff.2: copy_() does not support casting Float4_e2m1fn_x2 to different types. Source dtype is Float8_e4m3fntarget dtype is Float4_e2m1fn_x2
  skip transformer.transformer_blocks.21.ff.ff.0.0: copy_() does not support casting Float4_e2m1fn_x2 to different types. Source dtype is Float8_e4m3fntarget dtype is Float4_e2m1fn_x2

Replaced 0 Linear layers with FP4Linear

--- Phrase 0: The quick brown fox jumps over the lazy dog....
Converting audio...
Using custom reference text...

ref_text   Some call me nature, others call me mother nature. 
gen_text 0 The quick brown fox jumps over the lazy dog.


Generating audio in 1 batches...
  0%|          | 0/1 [00:00<?, ?it/s]100%|██████████| 1/1 [00:00<00:00,  1.31it/s]100%|██████████| 1/1 [00:00<00:00,  1.31it/s]
    time=0.83s  audio=4.18s  RTF=0.199

--- Phrase 1: Speech synthesis in four bit precision is somethin...
Converting audio...
Using cached preprocessed reference audio...
Using custom reference text...

ref_text   Some call me nature, others call me mother nature. 
gen_text 0 Speech synthesis in four bit precision is something nobody has tried before.


Generating audio in 1 batches...
  0%|          | 0/1 [00:00<?, ?it/s]100%|██████████| 1/1 [00:00<00:00,  1.99it/s]100%|██████████| 1/1 [00:00<00:00,  1.99it/s]
    time=0.51s  audio=7.23s  RTF=0.070

--- Phrase 2: Mr. Quilter is the apostle of the middle classes....
Converting audio...
Using cached preprocessed reference audio...
Using custom reference text...

ref_text   Some call me nature, others call me mother nature. 
gen_text 0 Mr. Quilter is the apostle of the middle classes.


Generating audio in 1 batches...
  0%|          | 0/1 [00:00<?, ?it/s]100%|██████████| 1/1 [00:00<00:00,  2.15it/s]100%|██████████| 1/1 [00:00<00:00,  2.15it/s]
    time=0.47s  audio=4.66s  RTF=0.101

--- Phrase 3: Experience proves this beyond any doubt....
Converting audio...
Using cached preprocessed reference audio...
Using custom reference text...

ref_text   Some call me nature, others call me mother nature. 
gen_text 0 Experience proves this beyond any doubt.


Generating audio in 1 batches...
  0%|          | 0/1 [00:00<?, ?it/s]100%|██████████| 1/1 [00:00<00:00,  2.18it/s]100%|██████████| 1/1 [00:00<00:00,  2.18it/s]
    time=0.46s  audio=3.80s  RTF=0.122

--- Phrase 4: How much wood would a woodchuck chuck?...
Converting audio...
Using cached preprocessed reference audio...
Using custom reference text...

ref_text   Some call me nature, others call me mother nature. 
gen_text 0 How much wood would a woodchuck chuck?


Generating audio in 1 batches...
  0%|          | 0/1 [00:00<?, ?it/s]100%|██████████| 1/1 [00:00<00:00,  2.18it/s]100%|██████████| 1/1 [00:00<00:00,  2.18it/s]
    time=0.46s  audio=3.61s  RTF=0.129

Done!
