Download Vocos from huggingface charactr/vocos-mel-24khz

vocab :  /home/arnur/fp4-speech/.venv/lib/python3.12/site-packages/f5_tts/infer/examples/vocab.txt
token :  custom
model :  /home/arnur/.cache/huggingface/hub/models--SWivid--F5-TTS/snapshots/84e5a410d9cead4de2f847e7c9369a6440bdfaca/F5TTS_v1_Base/model_1250000.safetensors 


Replaced 154 layers with FP4Linear (W4A16 mode)

--- Phrase 0: The quick brown fox jumps over the lazy dog....
Converting audio...
Using custom reference text...

ref_text   Some call me nature, others call me mother nature. 
gen_text 0 The quick brown fox jumps over the lazy dog.


Generating audio in 1 batches...
  0%|          | 0/1 [00:00<?, ?it/s]100%|██████████| 1/1 [00:00<00:00,  1.20it/s]100%|██████████| 1/1 [00:00<00:00,  1.20it/s]
    time=0.91s  audio=4.18s  RTF=0.218

--- Phrase 1: Speech synthesis in four bit precision is somethin...
Converting audio...
Using cached preprocessed reference audio...
Using custom reference text...

ref_text   Some call me nature, others call me mother nature. 
gen_text 0 Speech synthesis in four bit precision is something nobody has tried before.


Generating audio in 1 batches...
  0%|          | 0/1 [00:00<?, ?it/s]100%|██████████| 1/1 [00:00<00:00,  1.97it/s]100%|██████████| 1/1 [00:00<00:00,  1.97it/s]
    time=0.51s  audio=7.23s  RTF=0.071

--- Phrase 2: Mr. Quilter is the apostle of the middle classes....
Converting audio...
Using cached preprocessed reference audio...
Using custom reference text...

ref_text   Some call me nature, others call me mother nature. 
gen_text 0 Mr. Quilter is the apostle of the middle classes.


Generating audio in 1 batches...
  0%|          | 0/1 [00:00<?, ?it/s]100%|██████████| 1/1 [00:00<00:00,  2.12it/s]100%|██████████| 1/1 [00:00<00:00,  2.12it/s]
    time=0.48s  audio=4.66s  RTF=0.102

--- Phrase 3: Experience proves this beyond any doubt....
Converting audio...
Using cached preprocessed reference audio...
Using custom reference text...

ref_text   Some call me nature, others call me mother nature. 
gen_text 0 Experience proves this beyond any doubt.


Generating audio in 1 batches...
  0%|          | 0/1 [00:00<?, ?it/s]100%|██████████| 1/1 [00:00<00:00,  2.16it/s]100%|██████████| 1/1 [00:00<00:00,  2.16it/s]
    time=0.47s  audio=3.80s  RTF=0.124

--- Phrase 4: How much wood would a woodchuck chuck?...
Converting audio...
Using cached preprocessed reference audio...
Using custom reference text...

ref_text   Some call me nature, others call me mother nature. 
gen_text 0 How much wood would a woodchuck chuck?


Generating audio in 1 batches...
  0%|          | 0/1 [00:00<?, ?it/s]100%|██████████| 1/1 [00:00<00:00,  2.14it/s]100%|██████████| 1/1 [00:00<00:00,  2.14it/s]
    time=0.47s  audio=3.61s  RTF=0.131

Done!
