Resolved 164 packages in 2.68s
Downloading fonttools (4.8MiB)
Downloading bitsandbytes (57.8MiB)
Downloading botocore (14.6MiB)
Downloading gradio (41.0MiB)
Downloading rjieba (3.5MiB)
Downloading scipy (33.7MiB)
Downloading scikit-learn (8.7MiB)
Downloading matplotlib (9.6MiB)
Downloading f5-tts (1.3MiB)
Downloading kiwisolver (1.4MiB)
Downloading wandb (25.2MiB)
Downloading brotli (1.4MiB)
   Building encodec==0.1.1
   Building antlr4-python3-runtime==4.9.3
   Building transformers-stream-generator==0.0.5
      Built transformers-stream-generator==0.0.5
      Built encodec==0.1.1
      Built antlr4-python3-runtime==4.9.3
 Downloaded f5-tts
 Downloaded kiwisolver
 Downloaded brotli
 Downloaded rjieba
 Downloaded fonttools
 Downloaded scikit-learn
 Downloaded matplotlib
 Downloaded botocore
 Downloaded wandb
 Downloaded scipy
 Downloaded gradio
 Downloaded bitsandbytes
Prepared 69 packages in 5.11s
Uninstalled 2 packages in 11ms
Installed 69 packages in 23ms
 + aiofiles==24.1.0
 + antlr4-python3-runtime==4.9.3
 + audioread==3.1.0
 + bitsandbytes==0.49.2
 + boto3==1.43.34
 + botocore==1.43.34
 + brotli==1.2.0
 + cached-path==1.8.10
 + contourpy==1.3.3
 + cycler==0.12.1
 + decorator==5.3.1
 + einx==0.4.3
 + ema-pytorch==0.7.9
 + encodec==0.1.1
 + f5-tts==1.1.20
 + ffmpy==1.0.0
 + fonttools==4.63.0
 + frozendict==2.4.7
 + gitdb==4.0.12
 + gitpython==3.1.50
 + google-api-core==2.31.0
 + google-auth==2.55.0
 + google-cloud-core==2.6.0
 + google-cloud-storage==3.12.0
 + google-crc32c==1.8.0
 + google-resumable-media==2.10.0
 + gradio==6.10.0
 + gradio-client==2.4.0
 + groovy==0.1.2
 + hf-gradio==0.4.1
 + hydra-core==1.3.3
 + joblib==1.5.3
 + kiwisolver==1.5.0
 + lazy-loader==0.5
 + librosa==0.11.0
 + matplotlib==3.11.0
 + msgpack==1.2.1
 + narwhals==2.22.1
 + omegaconf==2.3.1
 + orjson==3.11.9
 + platformdirs==4.10.0
 + pooch==1.9.0
 + proto-plus==1.28.0
 + pyasn1==0.6.3
 + pyasn1-modules==0.4.2
 + pydub==0.25.1
 + pyparsing==3.3.2
 + pypinyin==0.55.0
 + pytz==2026.2
 - rich==15.0.0
 + rich==13.9.4
 + rjieba==0.2.1
 + s3transfer==0.19.0
 + safehttpx==0.1.7
 + scikit-learn==1.9.0
 + scipy==1.18.0
 + semantic-version==2.10.0
 + smmap==5.0.3
 + soxr==1.1.0
 - starlette==1.3.1
 + starlette==0.52.1
 + threadpoolctl==3.6.0
 + tomli==2.4.1
 + tomlkit==0.13.3
 + torch-einops-utils==0.1.4
 + torchdiffeq==0.2.5
 + transformers-stream-generator==0.0.5
 + unidecode==1.4.0
 + vocos==0.1.0
 + wandb==0.27.2
 + x-transformers==2.22.5
